Strings in Python---

>>>print("THE QUOTES ARE NOT PRINTED..")
THE QUOTES ARE NOT PRINTED..

>>>"My uncle is here...!"
'My uncle is here...!'

>>>"My uncle's dog!!"
'My uncle's dog!!'

>>>'My uncle's dog!!'
'My uncle'

>>>'My uncle\'s dog!!'
'My uncle's dog!!'

Escape characters can't be reliabily printed.Such as backslashes and unicode characters.

TOO MANY ESCAPE CHARACTERS IN YOUR STRING? USE ''' i.e. TRIPLE SINGLE QUOTES IN THE BEGINING AND END OF STRING
TO ACCEPT THE STRING WITH NO PROBLEM DUE TO ESCAPE CHARACTERS.
--------------------------------------------------------------------------------------------------------------
String Operations:

1.Concatenation of strings:
>>>"First"+"Second"
'FirstSecond'

>>>print("adding" + " " + "this")
adding this

>>>print("aa" + "\t" + "bb")
aa     bb

>>>print("aa" + "\n" + "bb")
aa
bb

2.Multiplied by Integers:
>>>print("ab"*3)
ababab

>>>print("1"*"2")
TypeError

>>>print("1"+2)
TypeError
----------------------------------------------------------------------------------------------------------------


>>> "Hello World".upper()
'HELLO WORLD'

>>> "Hello World".lower()
'hello world'

----------------------------------------------------------------------------------------------------------------

>>> "HELLO".isupper()
True

>>> "HELLO".islower()
False

----------------------------------------------------------------------------------------------------------------

>>> "hi 123".isalpha()
False

----------------------------------------------------------------------------------------------------------------

>>> "hi 123".isalnum()
False

>>> "hi123".isalnum()
True

----------------------------------------------------------------------------------------------------------------

>>> "345.89".isdecimal()
False

>>> "34589".isdecimal()
True

----------------------------------------------------------------------------------------------------------------

>>> "hi you".isspace()
False

>>> " ".isspace()
True

----------------------------------------------------------------------------------------------------------------


>>> "Get up you".istitle()
False

>>> "Get Up You".istitle()
True

----------------------------------------------------------------------------------------------------------------




LIST TO STRING: USING JOIN().

>>> arr = ['4','5','6','7','8']
>>> " @ ".join(arr)
'4 @ 5 @ 6 @ 7 @ 8'

----------------------------------------------------------------------------------------------------------------



STRING TO LIST: USING SPLIT().

>>> str = "Hey Sonali! How are you?"
>>> str.split()
['Hey', 'Sonali!', 'How', 'are', 'you?']


>>> str = "lovers here and there"           
>>> str.split('e')                           #split whenever 'e' encountered.
['lov' , 'rs h' , 'r' , ' and th' , 'r' , '']  #Last 'e' splits and gives an empty string.

----------------------------------------------------------------------------------------------------------------


#JUSTIFY : PADDING STRING TO GET A SPECIFIC LENGTH OF STRING.


 >>>"You".ljust(10)
'You       '

>>> "You".rjust(10)
'       You'

>>> "You".center(10)
'   You    '


----------------------------------------------------------------------------------------------------------------


STRIP : REMOVE WHITESPACES FROM LEFT AND RIGHT OR BOTH OF STRING

>>> Str = "      RED      "

>>> Str.lstrip()
'RED      '

>>> Str.rstrip()
'      RED'

>>> Str.strip()
'RED'


----------------------------------------------------------------------------------------------------------------
