Strings in Python---

>>>print("THE QUOTES ARE NOT PRINTED..")
THE QUOTES ARE NOT PRINTED..

>>>"My uncle is here...!"
'My uncle is here...!'

>>>"My uncle's dog!!"
'My uncle's dog!!'

>>>'My uncle's dog!!'
'My uncle'

>>>'My uncle\'s dog!!'
'My uncle's dog!!'

Escape characters can't be reliabily printed.Such as backslashes and unicode characters.

TOO MANY ESCAPE CHARACTERS IN YOUR STRING? USE ''' i.e. TRIPLE SINGLE QUOTES IN THE BEGINING AND END OF STRING
TO ACCEPT THE STRING WITH NO PROBLEM DUE TO ESCAPE CHARACTERS.
--------------------------------------------------------------------------------------------------------------
String Operations:

1.Concatenation of strings:
>>>"First"+"Second"
'FirstSecond'

>>>print("adding" + " " + "this")
adding this

>>>print("aa" + "\t" + "bb")
aa     bb

>>>print("aa" + "\n" + "bb")
aa
bb

2.Multiplied by Integers:
>>>print("ab"*3)
ababab

>>>print("1"*"2")
TypeError

>>>print("1"+2)
TypeError
----------------------------------------------------------------------------------------------------------------


>>> "Hello World".upper()
'HELLO WORLD'

>>> "Hello World".lower()
'hello world'

----------------------------------------------------------------------------------------------------------------

>>> "HELLO".isupper()
True

>>> "HELLO".islower()
False

----------------------------------------------------------------------------------------------------------------

>>> "hi 123".isalpha()
False

----------------------------------------------------------------------------------------------------------------

>>> "hi 123".isalnum()
False

>>> "hi123".isalnum()
True

----------------------------------------------------------------------------------------------------------------

>>> "345.89".isdecimal()
False

>>> "34589".isdecimal()
True

----------------------------------------------------------------------------------------------------------------

>>> "hi you".isspace()
False

>>> " ".isspace()
True

----------------------------------------------------------------------------------------------------------------

>>> "Get up you".istitle()
False

>>> "Get Up You".istitle()
True

----------------------------------------------------------------------------------------------------------------

